2026-05-13 08:38:46 - __main__ - ERROR - Fatal error: cell_to_boundary() got an unexpected keyword argument 'geo_json'
Traceback (most recent call last):
  File "C:\Users\davia\Desktop\Geo-Stream\GeoStream-Recife\main.py", line 28, in main
    gdf = processor.create_geodataframe(df_h3)
          ^^^^^^^^^^^^^^^^^^^^^^^^^^^^^^^^^^^^
  File "C:\Users\davia\Desktop\Geo-Stream\GeoStream-Recife\src\geo_processor.py", line 64, in create_geodataframe
    df_h3["geometry"] = df_h3["hex_id"].apply(self.hex_to_polygon)
                        ^^^^^^^^^^^^^^^^^^^^^^^^^^^^^^^^^^^^^^^^^^
  File "C:\Users\davia\Desktop\Geo-Stream\GeoStream-Recife\venv\Lib\site-packages\pandas\core\series.py", line 5084, in apply
    ).apply()
      ^^^^^^^
  File "C:\Users\davia\Desktop\Geo-Stream\GeoStream-Recife\venv\Lib\site-packages\pandas\core\apply.py", line 1520, in apply
    return self.apply_standard()
           ^^^^^^^^^^^^^^^^^^^^^
  File "C:\Users\davia\Desktop\Geo-Stream\GeoStream-Recife\venv\Lib\site-packages\pandas\core\apply.py", line 1578, in apply_standard
    mapped = obj._map_values(mapper=curried)
             ^^^^^^^^^^^^^^^^^^^^^^^^^^^^^^^
  File "C:\Users\davia\Desktop\Geo-Stream\GeoStream-Recife\venv\Lib\site-packages\pandas\core\base.py", line 1020, in _map_values
    return arr.map(mapper, na_action=na_action)
           ^^^^^^^^^^^^^^^^^^^^^^^^^^^^^^^^^^^^
  File "C:\Users\davia\Desktop\Geo-Stream\GeoStream-Recife\venv\Lib\site-packages\pandas\core\arrays\base.py", line 2744, in map
    return map_array(self, mapper, na_action=na_action)
           ^^^^^^^^^^^^^^^^^^^^^^^^^^^^^^^^^^^^^^^^^^^^
  File "C:\Users\davia\Desktop\Geo-Stream\GeoStream-Recife\venv\Lib\site-packages\pandas\core\algorithms.py", line 1710, in map_array
    return lib.map_infer(values, mapper)
           ^^^^^^^^^^^^^^^^^^^^^^^^^^^^^
  File "pandas/_libs/lib.pyx", line 3071, in pandas._libs.lib.map_infer
  File "C:\Users\davia\Desktop\Geo-Stream\GeoStream-Recife\src\geo_processor.py", line 53, in hex_to_polygon
    points = h3.cell_to_boundary(hex_id, geo_json=False)
             ^^^^^^^^^^^^^^^^^^^^^^^^^^^^^^^^^^^^^^^^^^^
TypeError: cell_to_boundary() got an unexpected keyword argument 'geo_json'
2026-05-13 08:39:27 - __main__ - ERROR - Fatal error: Binder Error: GROUP BY clause cannot contain aggregates!

LINE 3:                     COUNT(*) as total_facilities,
                            ^
Traceback (most recent call last):
  File "C:\Users\davia\Desktop\Geo-Stream\GeoStream-Recife\main.py", line 34, in main
    stats = analyzer.density_statistics()
            ^^^^^^^^^^^^^^^^^^^^^^^^^^^^^
  File "C:\Users\davia\Desktop\Geo-Stream\GeoStream-Recife\src\analysis.py", line 73, in density_statistics
    stats = self.conn.execute("""
            ^^^^^^^^^^^^^^^^^^^^^
_duckdb.BinderException: Binder Error: GROUP BY clause cannot contain aggregates!

LINE 3:                     COUNT(*) as total_facilities,
                            ^
2026-05-13 08:40:17 - __main__ - ERROR - Fatal error: Binder Error: Referenced column "hex_id" not found in FROM clause!
Candidate bindings: "nome"

LINE 11:                     GROUP BY hex_id
                                      ^
Traceback (most recent call last):
  File "C:\Users\davia\Desktop\Geo-Stream\GeoStream-Recife\main.py", line 34, in main
    stats = analyzer.density_statistics()
            ^^^^^^^^^^^^^^^^^^^^^^^^^^^^^
  File "C:\Users\davia\Desktop\Geo-Stream\GeoStream-Recife\src\analysis.py", line 73, in density_statistics
    stats = self.conn.execute("""
            ^^^^^^^^^^^^^^^^^^^^^
_duckdb.BinderException: Binder Error: Referenced column "hex_id" not found in FROM clause!
Candidate bindings: "nome"

LINE 11:                     GROUP BY hex_id
                                      ^
2026-05-14 00:09:11 - __main__ - ERROR - Fatal error: Invalid property specified for object of type plotly.graph_objs.scattermapbox.Marker: 'line'

Did you mean "size"?

    Valid properties:
        allowoverlap
            Flag to draw all symbols, even if they overlap.
        angle
            Sets the marker orientation from true North, in degrees
            clockwise. When using the "auto" default, no rotation
            would be applied in perspective views which is
            different from using a zero angle.
        anglesrc
            Sets the source reference on Chart Studio Cloud for
            `angle`.
        autocolorscale
            Determines whether the colorscale is a default palette
            (`autocolorscale: true`) or the palette determined by
            `marker.colorscale`. Has an effect only if in
            `marker.color` is set to a numerical array. In case
            `colorscale` is unspecified or `autocolorscale` is
            true, the default palette will be chosen according to
            whether numbers in the `color` array are all positive,
            all negative or mixed.
        cauto
            Determines whether or not the color domain is computed
            with respect to the input data (here in `marker.color`)
            or the bounds set in `marker.cmin` and `marker.cmax`
            Has an effect only if in `marker.color` is set to a
            numerical array. Defaults to `false` when `marker.cmin`
            and `marker.cmax` are set by the user.
        cmax
            Sets the upper bound of the color domain. Has an effect
            only if in `marker.color` is set to a numerical array.
            Value should have the same units as in `marker.color`
            and if set, `marker.cmin` must be set as well.
        cmid
            Sets the mid-point of the color domain by scaling
            `marker.cmin` and/or `marker.cmax` to be equidistant to
            this point. Has an effect only if in `marker.color` is
            set to a numerical array. Value should have the same
            units as in `marker.color`. Has no effect when
            `marker.cauto` is `false`.
        cmin
            Sets the lower bound of the color domain. Has an effect
            only if in `marker.color` is set to a numerical array.
            Value should have the same units as in `marker.color`
            and if set, `marker.cmax` must be set as well.
        color
            Sets the marker color. It accepts either a specific
            color or an array of numbers that are mapped to the
            colorscale relative to the max and min values of the
            array or relative to `marker.cmin` and `marker.cmax` if
            set.
        coloraxis
            Sets a reference to a shared color axis. References to
            these shared color axes are "coloraxis", "coloraxis2",
            "coloraxis3", etc. Settings for these shared color axes
            are set in the layout, under `layout.coloraxis`,
            `layout.coloraxis2`, etc. Note that multiple color
            scales can be linked to the same color axis.
        colorbar
            :class:`plotly.graph_objects.scattermapbox.marker.Color
            Bar` instance or dict with compatible properties
        colorscale
            Sets the colorscale. Has an effect only if in
            `marker.color` is set to a numerical array. The
            colorscale must be an array containing arrays mapping a
            normalized value to an rgb, rgba, hex, hsl, hsv, or
            named color string. At minimum, a mapping for the
            lowest (0) and highest (1) values are required. For
            example, `[[0, 'rgb(0,0,255)'], [1, 'rgb(255,0,0)']]`.
            To control the bounds of the colorscale in color space,
            use `marker.cmin` and `marker.cmax`. Alternatively,
            `colorscale` may be a palette name string of the
            following list: Blackbody,Bluered,Blues,Cividis,Earth,E
            lectric,Greens,Greys,Hot,Jet,Picnic,Portland,Rainbow,Rd
            Bu,Reds,Viridis,YlGnBu,YlOrRd.
        colorsrc
            Sets the source reference on Chart Studio Cloud for
            `color`.
        opacity
            Sets the marker opacity.
        opacitysrc
            Sets the source reference on Chart Studio Cloud for
            `opacity`.
        reversescale
            Reverses the color mapping if true. Has an effect only
            if in `marker.color` is set to a numerical array. If
            true, `marker.cmin` will correspond to the last color
            in the array and `marker.cmax` will correspond to the
            first color.
        showscale
            Determines whether or not a colorbar is displayed for
            this trace. Has an effect only if in `marker.color` is
            set to a numerical array.
        size
            Sets the marker size (in px).
        sizemin
            Has an effect only if `marker.size` is set to a
            numerical array. Sets the minimum size (in px) of the
            rendered marker points.
        sizemode
            Has an effect only if `marker.size` is set to a
            numerical array. Sets the rule for which the data in
            `size` is converted to pixels.
        sizeref
            Has an effect only if `marker.size` is set to a
            numerical array. Sets the scale factor used to
            determine the rendered size of marker points. Use with
            `sizemin` and `sizemode`.
        sizesrc
            Sets the source reference on Chart Studio Cloud for
            `size`.
        symbol
            Sets the marker symbol. Full list:
            https://www.mapbox.com/maki-icons/ Note that the array
            `marker.color` and `marker.size` are only available for
            "circle" symbols.
        symbolsrc
            Sets the source reference on Chart Studio Cloud for
            `symbol`.
        
Did you mean "size"?

Bad property path:
line
^^^^
Traceback (most recent call last):
  File "C:\Users\davia\Desktop\Geo-Stream\GeoStream-Recife\main.py", line 53, in main
    cluster_fig = visualizer.create_cluster_map(
                  ^^^^^^^^^^^^^^^^^^^^^^^^^^^^^^
  File "C:\Users\davia\Desktop\Geo-Stream\GeoStream-Recife\src\visualizer.py", line 167, in create_cluster_map
    fig.update_traces(marker=dict(size=14, opacity=0.88, line=dict(width=1.5, color="white")))
  File "C:\Users\davia\Desktop\Geo-Stream\GeoStream-Recife\venv\Lib\site-packages\plotly\graph_objs\_figure.py", line 188, in update_traces
    return super().update_traces(
           ^^^^^^^^^^^^^^^^^^^^^^
  File "C:\Users\davia\Desktop\Geo-Stream\GeoStream-Recife\venv\Lib\site-packages\plotly\basedatatypes.py", line 1388, in update_traces
    trace.update(patch, overwrite=overwrite, **kwargs)
  File "C:\Users\davia\Desktop\Geo-Stream\GeoStream-Recife\venv\Lib\site-packages\plotly\basedatatypes.py", line 5195, in update
    BaseFigure._perform_update(self, kwargs, overwrite=overwrite)
  File "C:\Users\davia\Desktop\Geo-Stream\GeoStream-Recife\venv\Lib\site-packages\plotly\basedatatypes.py", line 3971, in _perform_update
    BaseFigure._perform_update(plotly_obj[key], val)
  File "C:\Users\davia\Desktop\Geo-Stream\GeoStream-Recife\venv\Lib\site-packages\plotly\basedatatypes.py", line 3949, in _perform_update
    raise err
ValueError: Invalid property specified for object of type plotly.graph_objs.scattermapbox.Marker: 'line'

Did you mean "size"?

    Valid properties:
        allowoverlap
            Flag to draw all symbols, even if they overlap.
        angle
            Sets the marker orientation from true North, in degrees
            clockwise. When using the "auto" default, no rotation
            would be applied in perspective views which is
            different from using a zero angle.
        anglesrc
            Sets the source reference on Chart Studio Cloud for
            `angle`.
        autocolorscale
            Determines whether the colorscale is a default palette
            (`autocolorscale: true`) or the palette determined by
            `marker.colorscale`. Has an effect only if in
            `marker.color` is set to a numerical array. In case
            `colorscale` is unspecified or `autocolorscale` is
            true, the default palette will be chosen according to
            whether numbers in the `color` array are all positive,
            all negative or mixed.
        cauto
            Determines whether or not the color domain is computed
            with respect to the input data (here in `marker.color`)
            or the bounds set in `marker.cmin` and `marker.cmax`
            Has an effect only if in `marker.color` is set to a
            numerical array. Defaults to `false` when `marker.cmin`
            and `marker.cmax` are set by the user.
        cmax
            Sets the upper bound of the color domain. Has an effect
            only if in `marker.color` is set to a numerical array.
            Value should have the same units as in `marker.color`
            and if set, `marker.cmin` must be set as well.
        cmid
            Sets the mid-point of the color domain by scaling
            `marker.cmin` and/or `marker.cmax` to be equidistant to
            this point. Has an effect only if in `marker.color` is
            set to a numerical array. Value should have the same
            units as in `marker.color`. Has no effect when
            `marker.cauto` is `false`.
        cmin
            Sets the lower bound of the color domain. Has an effect
            only if in `marker.color` is set to a numerical array.
            Value should have the same units as in `marker.color`
            and if set, `marker.cmax` must be set as well.
        color
            Sets the marker color. It accepts either a specific
            color or an array of numbers that are mapped to the
            colorscale relative to the max and min values of the
            array or relative to `marker.cmin` and `marker.cmax` if
            set.
        coloraxis
            Sets a reference to a shared color axis. References to
            these shared color axes are "coloraxis", "coloraxis2",
            "coloraxis3", etc. Settings for these shared color axes
            are set in the layout, under `layout.coloraxis`,
            `layout.coloraxis2`, etc. Note that multiple color
            scales can be linked to the same color axis.
        colorbar
            :class:`plotly.graph_objects.scattermapbox.marker.Color
            Bar` instance or dict with compatible properties
        colorscale
            Sets the colorscale. Has an effect only if in
            `marker.color` is set to a numerical array. The
            colorscale must be an array containing arrays mapping a
            normalized value to an rgb, rgba, hex, hsl, hsv, or
            named color string. At minimum, a mapping for the
            lowest (0) and highest (1) values are required. For
            example, `[[0, 'rgb(0,0,255)'], [1, 'rgb(255,0,0)']]`.
            To control the bounds of the colorscale in color space,
            use `marker.cmin` and `marker.cmax`. Alternatively,
            `colorscale` may be a palette name string of the
            following list: Blackbody,Bluered,Blues,Cividis,Earth,E
            lectric,Greens,Greys,Hot,Jet,Picnic,Portland,Rainbow,Rd
            Bu,Reds,Viridis,YlGnBu,YlOrRd.
        colorsrc
            Sets the source reference on Chart Studio Cloud for
            `color`.
        opacity
            Sets the marker opacity.
        opacitysrc
            Sets the source reference on Chart Studio Cloud for
            `opacity`.
        reversescale
            Reverses the color mapping if true. Has an effect only
            if in `marker.color` is set to a numerical array. If
            true, `marker.cmin` will correspond to the last color
            in the array and `marker.cmax` will correspond to the
            first color.
        showscale
            Determines whether or not a colorbar is displayed for
            this trace. Has an effect only if in `marker.color` is
            set to a numerical array.
        size
            Sets the marker size (in px).
        sizemin
            Has an effect only if `marker.size` is set to a
            numerical array. Sets the minimum size (in px) of the
            rendered marker points.
        sizemode
            Has an effect only if `marker.size` is set to a
            numerical array. Sets the rule for which the data in
            `size` is converted to pixels.
        sizeref
            Has an effect only if `marker.size` is set to a
            numerical array. Sets the scale factor used to
            determine the rendered size of marker points. Use with
            `sizemin` and `sizemode`.
        sizesrc
            Sets the source reference on Chart Studio Cloud for
            `size`.
        symbol
            Sets the marker symbol. Full list:
            https://www.mapbox.com/maki-icons/ Note that the array
            `marker.color` and `marker.size` are only available for
            "circle" symbols.
        symbolsrc
            Sets the source reference on Chart Studio Cloud for
            `symbol`.
        
Did you mean "size"?

Bad property path:
line
^^^^
2026-05-14 00:12:59 - __main__ - ERROR - Fatal error: scatter_mapbox() got an unexpected keyword argument 'symbol'
Traceback (most recent call last):
  File "C:\Users\davia\Desktop\Geo-Stream\GeoStream-Recife\main.py", line 53, in main
    cluster_fig = visualizer.create_cluster_map(
                  ^^^^^^^^^^^^^^^^^^^^^^^^^^^^^^
  File "C:\Users\davia\Desktop\Geo-Stream\GeoStream-Recife\src\visualizer.py", line 153, in create_cluster_map
    fig = px.scatter_mapbox(
          ^^^^^^^^^^^^^^^^^^
TypeError: scatter_mapbox() got an unexpected keyword argument 'symbol'
2026-05-14 00:14:24 - __main__ - ERROR - Fatal error: Invalid property specified for object of type plotly.graph_objs.scattermapbox.Marker: 'line'

Did you mean "size"?

    Valid properties:
        allowoverlap
            Flag to draw all symbols, even if they overlap.
        angle
            Sets the marker orientation from true North, in degrees
            clockwise. When using the "auto" default, no rotation
            would be applied in perspective views which is
            different from using a zero angle.
        anglesrc
            Sets the source reference on Chart Studio Cloud for
            `angle`.
        autocolorscale
            Determines whether the colorscale is a default palette
            (`autocolorscale: true`) or the palette determined by
            `marker.colorscale`. Has an effect only if in
            `marker.color` is set to a numerical array. In case
            `colorscale` is unspecified or `autocolorscale` is
            true, the default palette will be chosen according to
            whether numbers in the `color` array are all positive,
            all negative or mixed.
        cauto
            Determines whether or not the color domain is computed
            with respect to the input data (here in `marker.color`)
            or the bounds set in `marker.cmin` and `marker.cmax`
            Has an effect only if in `marker.color` is set to a
            numerical array. Defaults to `false` when `marker.cmin`
            and `marker.cmax` are set by the user.
        cmax
            Sets the upper bound of the color domain. Has an effect
            only if in `marker.color` is set to a numerical array.
            Value should have the same units as in `marker.color`
            and if set, `marker.cmin` must be set as well.
        cmid
            Sets the mid-point of the color domain by scaling
            `marker.cmin` and/or `marker.cmax` to be equidistant to
            this point. Has an effect only if in `marker.color` is
            set to a numerical array. Value should have the same
            units as in `marker.color`. Has no effect when
            `marker.cauto` is `false`.
        cmin
            Sets the lower bound of the color domain. Has an effect
            only if in `marker.color` is set to a numerical array.
            Value should have the same units as in `marker.color`
            and if set, `marker.cmax` must be set as well.
        color
            Sets the marker color. It accepts either a specific
            color or an array of numbers that are mapped to the
            colorscale relative to the max and min values of the
            array or relative to `marker.cmin` and `marker.cmax` if
            set.
        coloraxis
            Sets a reference to a shared color axis. References to
            these shared color axes are "coloraxis", "coloraxis2",
            "coloraxis3", etc. Settings for these shared color axes
            are set in the layout, under `layout.coloraxis`,
            `layout.coloraxis2`, etc. Note that multiple color
            scales can be linked to the same color axis.
        colorbar
            :class:`plotly.graph_objects.scattermapbox.marker.Color
            Bar` instance or dict with compatible properties
        colorscale
            Sets the colorscale. Has an effect only if in
            `marker.color` is set to a numerical array. The
            colorscale must be an array containing arrays mapping a
            normalized value to an rgb, rgba, hex, hsl, hsv, or
            named color string. At minimum, a mapping for the
            lowest (0) and highest (1) values are required. For
            example, `[[0, 'rgb(0,0,255)'], [1, 'rgb(255,0,0)']]`.
            To control the bounds of the colorscale in color space,
            use `marker.cmin` and `marker.cmax`. Alternatively,
            `colorscale` may be a palette name string of the
            following list: Blackbody,Bluered,Blues,Cividis,Earth,E
            lectric,Greens,Greys,Hot,Jet,Picnic,Portland,Rainbow,Rd
            Bu,Reds,Viridis,YlGnBu,YlOrRd.
        colorsrc
            Sets the source reference on Chart Studio Cloud for
            `color`.
        opacity
            Sets the marker opacity.
        opacitysrc
            Sets the source reference on Chart Studio Cloud for
            `opacity`.
        reversescale
            Reverses the color mapping if true. Has an effect only
            if in `marker.color` is set to a numerical array. If
            true, `marker.cmin` will correspond to the last color
            in the array and `marker.cmax` will correspond to the
            first color.
        showscale
            Determines whether or not a colorbar is displayed for
            this trace. Has an effect only if in `marker.color` is
            set to a numerical array.
        size
            Sets the marker size (in px).
        sizemin
            Has an effect only if `marker.size` is set to a
            numerical array. Sets the minimum size (in px) of the
            rendered marker points.
        sizemode
            Has an effect only if `marker.size` is set to a
            numerical array. Sets the rule for which the data in
            `size` is converted to pixels.
        sizeref
            Has an effect only if `marker.size` is set to a
            numerical array. Sets the scale factor used to
            determine the rendered size of marker points. Use with
            `sizemin` and `sizemode`.
        sizesrc
            Sets the source reference on Chart Studio Cloud for
            `size`.
        symbol
            Sets the marker symbol. Full list:
            https://www.mapbox.com/maki-icons/ Note that the array
            `marker.color` and `marker.size` are only available for
            "circle" symbols.
        symbolsrc
            Sets the source reference on Chart Studio Cloud for
            `symbol`.
        
Did you mean "size"?

Bad property path:
line
^^^^
Traceback (most recent call last):
  File "C:\Users\davia\Desktop\Geo-Stream\GeoStream-Recife\main.py", line 53, in main
    cluster_fig = visualizer.create_cluster_map(
                  ^^^^^^^^^^^^^^^^^^^^^^^^^^^^^^
  File "C:\Users\davia\Desktop\Geo-Stream\GeoStream-Recife\src\visualizer.py", line 173, in create_cluster_map
    fig.update_traces(marker=dict(size=14, opacity=0.92, line=dict(width=2, color="white")))
  File "C:\Users\davia\Desktop\Geo-Stream\GeoStream-Recife\venv\Lib\site-packages\plotly\graph_objs\_figure.py", line 188, in update_traces
    return super().update_traces(
           ^^^^^^^^^^^^^^^^^^^^^^
  File "C:\Users\davia\Desktop\Geo-Stream\GeoStream-Recife\venv\Lib\site-packages\plotly\basedatatypes.py", line 1388, in update_traces
    trace.update(patch, overwrite=overwrite, **kwargs)
  File "C:\Users\davia\Desktop\Geo-Stream\GeoStream-Recife\venv\Lib\site-packages\plotly\basedatatypes.py", line 5195, in update
    BaseFigure._perform_update(self, kwargs, overwrite=overwrite)
  File "C:\Users\davia\Desktop\Geo-Stream\GeoStream-Recife\venv\Lib\site-packages\plotly\basedatatypes.py", line 3971, in _perform_update
    BaseFigure._perform_update(plotly_obj[key], val)
  File "C:\Users\davia\Desktop\Geo-Stream\GeoStream-Recife\venv\Lib\site-packages\plotly\basedatatypes.py", line 3949, in _perform_update
    raise err
ValueError: Invalid property specified for object of type plotly.graph_objs.scattermapbox.Marker: 'line'

Did you mean "size"?

    Valid properties:
        allowoverlap
            Flag to draw all symbols, even if they overlap.
        angle
            Sets the marker orientation from true North, in degrees
            clockwise. When using the "auto" default, no rotation
            would be applied in perspective views which is
            different from using a zero angle.
        anglesrc
            Sets the source reference on Chart Studio Cloud for
            `angle`.
        autocolorscale
            Determines whether the colorscale is a default palette
            (`autocolorscale: true`) or the palette determined by
            `marker.colorscale`. Has an effect only if in
            `marker.color` is set to a numerical array. In case
            `colorscale` is unspecified or `autocolorscale` is
            true, the default palette will be chosen according to
            whether numbers in the `color` array are all positive,
            all negative or mixed.
        cauto
            Determines whether or not the color domain is computed
            with respect to the input data (here in `marker.color`)
            or the bounds set in `marker.cmin` and `marker.cmax`
            Has an effect only if in `marker.color` is set to a
            numerical array. Defaults to `false` when `marker.cmin`
            and `marker.cmax` are set by the user.
        cmax
            Sets the upper bound of the color domain. Has an effect
            only if in `marker.color` is set to a numerical array.
            Value should have the same units as in `marker.color`
            and if set, `marker.cmin` must be set as well.
        cmid
            Sets the mid-point of the color domain by scaling
            `marker.cmin` and/or `marker.cmax` to be equidistant to
            this point. Has an effect only if in `marker.color` is
            set to a numerical array. Value should have the same
            units as in `marker.color`. Has no effect when
            `marker.cauto` is `false`.
        cmin
            Sets the lower bound of the color domain. Has an effect
            only if in `marker.color` is set to a numerical array.
            Value should have the same units as in `marker.color`
            and if set, `marker.cmax` must be set as well.
        color
            Sets the marker color. It accepts either a specific
            color or an array of numbers that are mapped to the
            colorscale relative to the max and min values of the
            array or relative to `marker.cmin` and `marker.cmax` if
            set.
        coloraxis
            Sets a reference to a shared color axis. References to
            these shared color axes are "coloraxis", "coloraxis2",
            "coloraxis3", etc. Settings for these shared color axes
            are set in the layout, under `layout.coloraxis`,
            `layout.coloraxis2`, etc. Note that multiple color
            scales can be linked to the same color axis.
        colorbar
            :class:`plotly.graph_objects.scattermapbox.marker.Color
            Bar` instance or dict with compatible properties
        colorscale
            Sets the colorscale. Has an effect only if in
            `marker.color` is set to a numerical array. The
            colorscale must be an array containing arrays mapping a
            normalized value to an rgb, rgba, hex, hsl, hsv, or
            named color string. At minimum, a mapping for the
            lowest (0) and highest (1) values are required. For
            example, `[[0, 'rgb(0,0,255)'], [1, 'rgb(255,0,0)']]`.
            To control the bounds of the colorscale in color space,
            use `marker.cmin` and `marker.cmax`. Alternatively,
            `colorscale` may be a palette name string of the
            following list: Blackbody,Bluered,Blues,Cividis,Earth,E
            lectric,Greens,Greys,Hot,Jet,Picnic,Portland,Rainbow,Rd
            Bu,Reds,Viridis,YlGnBu,YlOrRd.
        colorsrc
            Sets the source reference on Chart Studio Cloud for
            `color`.
        opacity
            Sets the marker opacity.
        opacitysrc
            Sets the source reference on Chart Studio Cloud for
            `opacity`.
        reversescale
            Reverses the color mapping if true. Has an effect only
            if in `marker.color` is set to a numerical array. If
            true, `marker.cmin` will correspond to the last color
            in the array and `marker.cmax` will correspond to the
            first color.
        showscale
            Determines whether or not a colorbar is displayed for
            this trace. Has an effect only if in `marker.color` is
            set to a numerical array.
        size
            Sets the marker size (in px).
        sizemin
            Has an effect only if `marker.size` is set to a
            numerical array. Sets the minimum size (in px) of the
            rendered marker points.
        sizemode
            Has an effect only if `marker.size` is set to a
            numerical array. Sets the rule for which the data in
            `size` is converted to pixels.
        sizeref
            Has an effect only if `marker.size` is set to a
            numerical array. Sets the scale factor used to
            determine the rendered size of marker points. Use with
            `sizemin` and `sizemode`.
        sizesrc
            Sets the source reference on Chart Studio Cloud for
            `size`.
        symbol
            Sets the marker symbol. Full list:
            https://www.mapbox.com/maki-icons/ Note that the array
            `marker.color` and `marker.size` are only available for
            "circle" symbols.
        symbolsrc
            Sets the source reference on Chart Studio Cloud for
            `symbol`.
        
Did you mean "size"?

Bad property path:
line
^^^^
2026-05-14 00:16:17 - __main__ - ERROR - Fatal error: Invalid property specified for object of type plotly.graph_objs.scattermapbox.Marker: 'line'

Did you mean "size"?

    Valid properties:
        allowoverlap
            Flag to draw all symbols, even if they overlap.
        angle
            Sets the marker orientation from true North, in degrees
            clockwise. When using the "auto" default, no rotation
            would be applied in perspective views which is
            different from using a zero angle.
        anglesrc
            Sets the source reference on Chart Studio Cloud for
            `angle`.
        autocolorscale
            Determines whether the colorscale is a default palette
            (`autocolorscale: true`) or the palette determined by
            `marker.colorscale`. Has an effect only if in
            `marker.color` is set to a numerical array. In case
            `colorscale` is unspecified or `autocolorscale` is
            true, the default palette will be chosen according to
            whether numbers in the `color` array are all positive,
            all negative or mixed.
        cauto
            Determines whether or not the color domain is computed
            with respect to the input data (here in `marker.color`)
            or the bounds set in `marker.cmin` and `marker.cmax`
            Has an effect only if in `marker.color` is set to a
            numerical array. Defaults to `false` when `marker.cmin`
            and `marker.cmax` are set by the user.
        cmax
            Sets the upper bound of the color domain. Has an effect
            only if in `marker.color` is set to a numerical array.
            Value should have the same units as in `marker.color`
            and if set, `marker.cmin` must be set as well.
        cmid
            Sets the mid-point of the color domain by scaling
            `marker.cmin` and/or `marker.cmax` to be equidistant to
            this point. Has an effect only if in `marker.color` is
            set to a numerical array. Value should have the same
            units as in `marker.color`. Has no effect when
            `marker.cauto` is `false`.
        cmin
            Sets the lower bound of the color domain. Has an effect
            only if in `marker.color` is set to a numerical array.
            Value should have the same units as in `marker.color`
            and if set, `marker.cmax` must be set as well.
        color
            Sets the marker color. It accepts either a specific
            color or an array of numbers that are mapped to the
            colorscale relative to the max and min values of the
            array or relative to `marker.cmin` and `marker.cmax` if
            set.
        coloraxis
            Sets a reference to a shared color axis. References to
            these shared color axes are "coloraxis", "coloraxis2",
            "coloraxis3", etc. Settings for these shared color axes
            are set in the layout, under `layout.coloraxis`,
            `layout.coloraxis2`, etc. Note that multiple color
            scales can be linked to the same color axis.
        colorbar
            :class:`plotly.graph_objects.scattermapbox.marker.Color
            Bar` instance or dict with compatible properties
        colorscale
            Sets the colorscale. Has an effect only if in
            `marker.color` is set to a numerical array. The
            colorscale must be an array containing arrays mapping a
            normalized value to an rgb, rgba, hex, hsl, hsv, or
            named color string. At minimum, a mapping for the
            lowest (0) and highest (1) values are required. For
            example, `[[0, 'rgb(0,0,255)'], [1, 'rgb(255,0,0)']]`.
            To control the bounds of the colorscale in color space,
            use `marker.cmin` and `marker.cmax`. Alternatively,
            `colorscale` may be a palette name string of the
            following list: Blackbody,Bluered,Blues,Cividis,Earth,E
            lectric,Greens,Greys,Hot,Jet,Picnic,Portland,Rainbow,Rd
            Bu,Reds,Viridis,YlGnBu,YlOrRd.
        colorsrc
            Sets the source reference on Chart Studio Cloud for
            `color`.
        opacity
            Sets the marker opacity.
        opacitysrc
            Sets the source reference on Chart Studio Cloud for
            `opacity`.
        reversescale
            Reverses the color mapping if true. Has an effect only
            if in `marker.color` is set to a numerical array. If
            true, `marker.cmin` will correspond to the last color
            in the array and `marker.cmax` will correspond to the
            first color.
        showscale
            Determines whether or not a colorbar is displayed for
            this trace. Has an effect only if in `marker.color` is
            set to a numerical array.
        size
            Sets the marker size (in px).
        sizemin
            Has an effect only if `marker.size` is set to a
            numerical array. Sets the minimum size (in px) of the
            rendered marker points.
        sizemode
            Has an effect only if `marker.size` is set to a
            numerical array. Sets the rule for which the data in
            `size` is converted to pixels.
        sizeref
            Has an effect only if `marker.size` is set to a
            numerical array. Sets the scale factor used to
            determine the rendered size of marker points. Use with
            `sizemin` and `sizemode`.
        sizesrc
            Sets the source reference on Chart Studio Cloud for
            `size`.
        symbol
            Sets the marker symbol. Full list:
            https://www.mapbox.com/maki-icons/ Note that the array
            `marker.color` and `marker.size` are only available for
            "circle" symbols.
        symbolsrc
            Sets the source reference on Chart Studio Cloud for
            `symbol`.
        
Did you mean "size"?

Bad property path:
line
^^^^
Traceback (most recent call last):
  File "C:\Users\davia\Desktop\Geo-Stream\GeoStream-Recife\main.py", line 53, in main
    cluster_fig = visualizer.create_cluster_map(
                  ^^^^^^^^^^^^^^^^^^^^^^^^^^^^^^
  File "C:\Users\davia\Desktop\Geo-Stream\GeoStream-Recife\src\visualizer.py", line 193, in create_cluster_map
    go.Scattermapbox(
  File "C:\Users\davia\Desktop\Geo-Stream\GeoStream-Recife\venv\Lib\site-packages\plotly\graph_objs\_scattermapbox.py", line 1797, in __init__
    self._set_property("marker", arg, marker)
  File "C:\Users\davia\Desktop\Geo-Stream\GeoStream-Recife\venv\Lib\site-packages\plotly\basedatatypes.py", line 4403, in _set_property
    _set_property_provided_value(self, name, arg, provided)
  File "C:\Users\davia\Desktop\Geo-Stream\GeoStream-Recife\venv\Lib\site-packages\plotly\basedatatypes.py", line 398, in _set_property_provided_value
    obj[name] = val
    ~~~^^^^^^
  File "C:\Users\davia\Desktop\Geo-Stream\GeoStream-Recife\venv\Lib\site-packages\plotly\basedatatypes.py", line 4924, in __setitem__
    self._set_compound_prop(prop, value)
  File "C:\Users\davia\Desktop\Geo-Stream\GeoStream-Recife\venv\Lib\site-packages\plotly\basedatatypes.py", line 5335, in _set_compound_prop
    val = validator.validate_coerce(val, skip_invalid=self._skip_invalid)
          ^^^^^^^^^^^^^^^^^^^^^^^^^^^^^^^^^^^^^^^^^^^^^^^^^^^^^^^^^^^^^^^
  File "C:\Users\davia\Desktop\Geo-Stream\GeoStream-Recife\venv\Lib\site-packages\_plotly_utils\basevalidators.py", line 2468, in validate_coerce
    v = self.data_class(v, skip_invalid=skip_invalid, _validate=_validate)
        ^^^^^^^^^^^^^^^^^^^^^^^^^^^^^^^^^^^^^^^^^^^^^^^^^^^^^^^^^^^^^^^^^^
  File "C:\Users\davia\Desktop\Geo-Stream\GeoStream-Recife\venv\Lib\site-packages\plotly\graph_objs\scattermapbox\_marker.py", line 891, in __init__
    self._process_kwargs(**dict(arg, **kwargs))
  File "C:\Users\davia\Desktop\Geo-Stream\GeoStream-Recife\venv\Lib\site-packages\plotly\basedatatypes.py", line 4451, in _process_kwargs
    raise err
ValueError: Invalid property specified for object of type plotly.graph_objs.scattermapbox.Marker: 'line'

Did you mean "size"?

    Valid properties:
        allowoverlap
            Flag to draw all symbols, even if they overlap.
        angle
            Sets the marker orientation from true North, in degrees
            clockwise. When using the "auto" default, no rotation
            would be applied in perspective views which is
            different from using a zero angle.
        anglesrc
            Sets the source reference on Chart Studio Cloud for
            `angle`.
        autocolorscale
            Determines whether the colorscale is a default palette
            (`autocolorscale: true`) or the palette determined by
            `marker.colorscale`. Has an effect only if in
            `marker.color` is set to a numerical array. In case
            `colorscale` is unspecified or `autocolorscale` is
            true, the default palette will be chosen according to
            whether numbers in the `color` array are all positive,
            all negative or mixed.
        cauto
            Determines whether or not the color domain is computed
            with respect to the input data (here in `marker.color`)
            or the bounds set in `marker.cmin` and `marker.cmax`
            Has an effect only if in `marker.color` is set to a
            numerical array. Defaults to `false` when `marker.cmin`
            and `marker.cmax` are set by the user.
        cmax
            Sets the upper bound of the color domain. Has an effect
            only if in `marker.color` is set to a numerical array.
            Value should have the same units as in `marker.color`
            and if set, `marker.cmin` must be set as well.
        cmid
            Sets the mid-point of the color domain by scaling
            `marker.cmin` and/or `marker.cmax` to be equidistant to
            this point. Has an effect only if in `marker.color` is
            set to a numerical array. Value should have the same
            units as in `marker.color`. Has no effect when
            `marker.cauto` is `false`.
        cmin
            Sets the lower bound of the color domain. Has an effect
            only if in `marker.color` is set to a numerical array.
            Value should have the same units as in `marker.color`
            and if set, `marker.cmax` must be set as well.
        color
            Sets the marker color. It accepts either a specific
            color or an array of numbers that are mapped to the
            colorscale relative to the max and min values of the
            array or relative to `marker.cmin` and `marker.cmax` if
            set.
        coloraxis
            Sets a reference to a shared color axis. References to
            these shared color axes are "coloraxis", "coloraxis2",
            "coloraxis3", etc. Settings for these shared color axes
            are set in the layout, under `layout.coloraxis`,
            `layout.coloraxis2`, etc. Note that multiple color
            scales can be linked to the same color axis.
        colorbar
            :class:`plotly.graph_objects.scattermapbox.marker.Color
            Bar` instance or dict with compatible properties
        colorscale
            Sets the colorscale. Has an effect only if in
            `marker.color` is set to a numerical array. The
            colorscale must be an array containing arrays mapping a
            normalized value to an rgb, rgba, hex, hsl, hsv, or
            named color string. At minimum, a mapping for the
            lowest (0) and highest (1) values are required. For
            example, `[[0, 'rgb(0,0,255)'], [1, 'rgb(255,0,0)']]`.
            To control the bounds of the colorscale in color space,
            use `marker.cmin` and `marker.cmax`. Alternatively,
            `colorscale` may be a palette name string of the
            following list: Blackbody,Bluered,Blues,Cividis,Earth,E
            lectric,Greens,Greys,Hot,Jet,Picnic,Portland,Rainbow,Rd
            Bu,Reds,Viridis,YlGnBu,YlOrRd.
        colorsrc
            Sets the source reference on Chart Studio Cloud for
            `color`.
        opacity
            Sets the marker opacity.
        opacitysrc
            Sets the source reference on Chart Studio Cloud for
            `opacity`.
        reversescale
            Reverses the color mapping if true. Has an effect only
            if in `marker.color` is set to a numerical array. If
            true, `marker.cmin` will correspond to the last color
            in the array and `marker.cmax` will correspond to the
            first color.
        showscale
            Determines whether or not a colorbar is displayed for
            this trace. Has an effect only if in `marker.color` is
            set to a numerical array.
        size
            Sets the marker size (in px).
        sizemin
            Has an effect only if `marker.size` is set to a
            numerical array. Sets the minimum size (in px) of the
            rendered marker points.
        sizemode
            Has an effect only if `marker.size` is set to a
            numerical array. Sets the rule for which the data in
            `size` is converted to pixels.
        sizeref
            Has an effect only if `marker.size` is set to a
            numerical array. Sets the scale factor used to
            determine the rendered size of marker points. Use with
            `sizemin` and `sizemode`.
        sizesrc
            Sets the source reference on Chart Studio Cloud for
            `size`.
        symbol
            Sets the marker symbol. Full list:
            https://www.mapbox.com/maki-icons/ Note that the array
            `marker.color` and `marker.size` are only available for
            "circle" symbols.
        symbolsrc
            Sets the source reference on Chart Studio Cloud for
            `symbol`.
        
Did you mean "size"?

Bad property path:
line
^^^^
