2026-05-13 08:38:46 - src.data_loader - INFO - DataLoader initialized with CSV path: C:\Users\davia\Desktop\Geo-Stream\GeoStream-Recife\data\dados_recife.csv
2026-05-13 08:38:46 - src.data_loader - INFO - Creating sample CSV at C:\Users\davia\Desktop\Geo-Stream\GeoStream-Recife\data\dados_recife.csv
2026-05-13 08:38:46 - src.data_loader - INFO - Sample CSV created successfully
2026-05-13 08:38:46 - src.data_loader - INFO - Loading data from C:\Users\davia\Desktop\Geo-Stream\GeoStream-Recife\data\dados_recife.csv
2026-05-13 08:38:46 - src.data_loader - INFO - Loaded 7 valid records
2026-05-13 08:38:46 - src.data_loader - INFO - Setting up DuckDB table...
2026-05-13 08:38:46 - src.data_loader - INFO - DuckDB table created with 7 rows
2026-05-13 08:39:27 - src.data_loader - INFO - DataLoader initialized with CSV path: C:\Users\davia\Desktop\Geo-Stream\GeoStream-Recife\data\dados_recife.csv
2026-05-13 08:39:27 - src.data_loader - INFO - CSV file already exists: C:\Users\davia\Desktop\Geo-Stream\GeoStream-Recife\data\dados_recife.csv
2026-05-13 08:39:27 - src.data_loader - INFO - Loading data from C:\Users\davia\Desktop\Geo-Stream\GeoStream-Recife\data\dados_recife.csv
2026-05-13 08:39:27 - src.data_loader - INFO - Loaded 7 valid records
2026-05-13 08:39:27 - src.data_loader - INFO - Setting up DuckDB table...
2026-05-13 08:39:27 - src.data_loader - INFO - DuckDB table created with 7 rows
2026-05-13 08:40:17 - src.data_loader - INFO - DataLoader initialized with CSV path: C:\Users\davia\Desktop\Geo-Stream\GeoStream-Recife\data\dados_recife.csv
2026-05-13 08:40:17 - src.data_loader - INFO - CSV file already exists: C:\Users\davia\Desktop\Geo-Stream\GeoStream-Recife\data\dados_recife.csv
2026-05-13 08:40:17 - src.data_loader - INFO - Loading data from C:\Users\davia\Desktop\Geo-Stream\GeoStream-Recife\data\dados_recife.csv
2026-05-13 08:40:17 - src.data_loader - INFO - Loaded 7 valid records
2026-05-13 08:40:17 - src.data_loader - INFO - Setting up DuckDB table...
2026-05-13 08:40:17 - src.data_loader - INFO - DuckDB table created with 7 rows
2026-05-13 08:41:21 - src.data_loader - INFO - DataLoader initialized with CSV path: C:\Users\davia\Desktop\Geo-Stream\GeoStream-Recife\data\dados_recife.csv
2026-05-13 08:41:21 - src.data_loader - INFO - CSV file already exists: C:\Users\davia\Desktop\Geo-Stream\GeoStream-Recife\data\dados_recife.csv
2026-05-13 08:41:21 - src.data_loader - INFO - Loading data from C:\Users\davia\Desktop\Geo-Stream\GeoStream-Recife\data\dados_recife.csv
2026-05-13 08:41:21 - src.data_loader - INFO - Loaded 7 valid records
2026-05-13 08:41:21 - src.data_loader - INFO - Setting up DuckDB table...
2026-05-13 08:41:21 - src.data_loader - INFO - DuckDB table created with 7 rows
2026-05-13 08:43:00 - src.data_loader - INFO - DataLoader initialized with CSV path: C:\Users\davia\Desktop\Geo-Stream\GeoStream-Recife\data\dados_recife.csv
2026-05-13 08:43:00 - src.data_loader - INFO - CSV file already exists: C:\Users\davia\Desktop\Geo-Stream\GeoStream-Recife\data\dados_recife.csv
2026-05-13 08:43:00 - src.data_loader - INFO - Loading data from C:\Users\davia\Desktop\Geo-Stream\GeoStream-Recife\data\dados_recife.csv
2026-05-13 08:43:00 - src.data_loader - INFO - Loaded 7 valid records
2026-05-13 08:43:00 - src.data_loader - INFO - Setting up DuckDB table...
2026-05-13 08:43:00 - src.data_loader - INFO - DuckDB table created with 7 rows
2026-05-13 09:24:42 - src.data_loader - INFO - DataLoader initialized with CSV path: C:\Users\davia\Desktop\Geo-Stream\GeoStream-Recife\data\dados_recife.csv
2026-05-13 09:24:42 - src.data_loader - INFO - CSV file already exists: C:\Users\davia\Desktop\Geo-Stream\GeoStream-Recife\data\dados_recife.csv
2026-05-13 09:24:42 - src.data_loader - INFO - Loading data from C:\Users\davia\Desktop\Geo-Stream\GeoStream-Recife\data\dados_recife.csv
2026-05-13 09:24:42 - src.data_loader - INFO - Loaded 7 valid records
2026-05-13 09:24:42 - src.data_loader - INFO - Setting up DuckDB table...
2026-05-13 09:24:42 - src.data_loader - INFO - DuckDB table created with 7 rows
2026-05-13 10:16:37 - src.data_loader - INFO - DataLoader initialized with CSV path: C:\Users\davia\Desktop\Geo-Stream\GeoStream-Recife\data\dados_recife.csv
2026-05-13 10:16:37 - src.data_loader - INFO - CSV file already exists: C:\Users\davia\Desktop\Geo-Stream\GeoStream-Recife\data\dados_recife.csv
2026-05-13 10:16:37 - src.data_loader - INFO - Loading data from C:\Users\davia\Desktop\Geo-Stream\GeoStream-Recife\data\dados_recife.csv
2026-05-13 10:16:37 - src.data_loader - INFO - Loaded 7 valid records
2026-05-13 10:16:37 - src.data_loader - INFO - Setting up DuckDB table...
2026-05-13 10:16:37 - src.data_loader - INFO - DuckDB table created with 7 rows
2026-05-13 10:17:04 - src.data_loader - INFO - DataLoader initialized with CSV path: C:\Users\davia\Desktop\Geo-Stream\GeoStream-Recife\data\dados_recife.csv
2026-05-13 10:17:04 - src.data_loader - INFO - CSV file already exists: C:\Users\davia\Desktop\Geo-Stream\GeoStream-Recife\data\dados_recife.csv
2026-05-13 10:17:04 - src.data_loader - INFO - Loading data from C:\Users\davia\Desktop\Geo-Stream\GeoStream-Recife\data\dados_recife.csv
2026-05-13 10:17:04 - src.data_loader - INFO - Loaded 7 valid records
2026-05-13 10:17:04 - src.data_loader - INFO - Setting up DuckDB table...
2026-05-13 10:17:04 - src.data_loader - INFO - DuckDB table created with 7 rows
2026-05-13 23:43:58 - src.data_loader - INFO - DataLoader initialized with CSV path: C:\Users\davia\Desktop\Geo-Stream\GeoStream-Recife\data\dados_recife.csv
2026-05-13 23:43:58 - src.data_loader - INFO - CSV file already exists: C:\Users\davia\Desktop\Geo-Stream\GeoStream-Recife\data\dados_recife.csv
2026-05-13 23:43:58 - src.data_loader - INFO - Loading data from C:\Users\davia\Desktop\Geo-Stream\GeoStream-Recife\data\dados_recife.csv
2026-05-13 23:43:58 - src.data_loader - INFO - Loaded 7 valid records
2026-05-13 23:43:58 - src.data_loader - INFO - Setting up DuckDB table...
2026-05-13 23:43:58 - src.data_loader - INFO - DuckDB table created with 7 rows
2026-05-13 23:44:11 - src.data_loader - INFO - DataLoader initialized with CSV path: C:\Users\davia\Desktop\Geo-Stream\GeoStream-Recife\data\dados_recife.csv
2026-05-13 23:44:11 - src.data_loader - INFO - CSV file already exists: C:\Users\davia\Desktop\Geo-Stream\GeoStream-Recife\data\dados_recife.csv
2026-05-13 23:44:11 - src.data_loader - INFO - Loading data from C:\Users\davia\Desktop\Geo-Stream\GeoStream-Recife\data\dados_recife.csv
2026-05-13 23:44:11 - src.data_loader - INFO - Loaded 7 valid records
2026-05-13 23:44:11 - src.data_loader - INFO - Setting up DuckDB table...
2026-05-13 23:44:11 - src.data_loader - INFO - DuckDB table created with 7 rows
2026-05-13 23:57:24 - src.data_loader - INFO - DataLoader initialized with CSV path: C:\Users\davia\Desktop\Geo-Stream\GeoStream-Recife\data\dados_recife.csv
2026-05-13 23:57:24 - src.data_loader - INFO - CSV file already exists: C:\Users\davia\Desktop\Geo-Stream\GeoStream-Recife\data\dados_recife.csv
2026-05-13 23:57:24 - src.data_loader - INFO - Loading data from C:\Users\davia\Desktop\Geo-Stream\GeoStream-Recife\data\dados_recife.csv
2026-05-13 23:57:24 - src.data_loader - INFO - Loaded 7 valid records
2026-05-13 23:57:24 - src.data_loader - INFO - Setting up DuckDB table...
2026-05-13 23:57:24 - src.data_loader - INFO - DuckDB table created with 7 rows
2026-05-13 23:57:31 - src.data_loader - INFO - DataLoader initialized with CSV path: C:\Users\davia\Desktop\Geo-Stream\GeoStream-Recife\data\dados_recife.csv
2026-05-13 23:57:31 - src.data_loader - INFO - CSV file already exists: C:\Users\davia\Desktop\Geo-Stream\GeoStream-Recife\data\dados_recife.csv
2026-05-13 23:57:31 - src.data_loader - INFO - Loading data from C:\Users\davia\Desktop\Geo-Stream\GeoStream-Recife\data\dados_recife.csv
2026-05-13 23:57:31 - src.data_loader - INFO - Loaded 7 valid records
2026-05-13 23:57:31 - src.data_loader - INFO - Setting up DuckDB table...
2026-05-13 23:57:31 - src.data_loader - INFO - DuckDB table created with 7 rows
2026-05-14 00:00:56 - src.data_loader - INFO - DataLoader initialized with CSV path: C:\Users\davia\Desktop\Geo-Stream\GeoStream-Recife\data\dados_recife.csv
2026-05-14 00:00:56 - src.data_loader - INFO - CSV file already exists: C:\Users\davia\Desktop\Geo-Stream\GeoStream-Recife\data\dados_recife.csv
2026-05-14 00:00:56 - src.data_loader - INFO - Loading data from C:\Users\davia\Desktop\Geo-Stream\GeoStream-Recife\data\dados_recife.csv
2026-05-14 00:00:56 - src.data_loader - INFO - Loaded 7 valid records
2026-05-14 00:00:56 - src.data_loader - INFO - Setting up DuckDB table...
2026-05-14 00:00:56 - src.data_loader - INFO - DuckDB table created with 7 rows
2026-05-14 00:00:59 - src.data_loader - INFO - DataLoader initialized with CSV path: C:\Users\davia\Desktop\Geo-Stream\GeoStream-Recife\data\dados_recife.csv
2026-05-14 00:00:59 - src.data_loader - INFO - CSV file already exists: C:\Users\davia\Desktop\Geo-Stream\GeoStream-Recife\data\dados_recife.csv
2026-05-14 00:00:59 - src.data_loader - INFO - Loading data from C:\Users\davia\Desktop\Geo-Stream\GeoStream-Recife\data\dados_recife.csv
2026-05-14 00:00:59 - src.data_loader - INFO - Loaded 7 valid records
2026-05-14 00:00:59 - src.data_loader - INFO - Setting up DuckDB table...
2026-05-14 00:00:59 - src.data_loader - INFO - DuckDB table created with 7 rows
2026-05-14 00:01:10 - src.data_loader - INFO - DataLoader initialized with CSV path: C:\Users\davia\Desktop\Geo-Stream\GeoStream-Recife\data\dados_recife.csv
2026-05-14 00:01:10 - src.data_loader - INFO - CSV file already exists: C:\Users\davia\Desktop\Geo-Stream\GeoStream-Recife\data\dados_recife.csv
2026-05-14 00:01:10 - src.data_loader - INFO - Loading data from C:\Users\davia\Desktop\Geo-Stream\GeoStream-Recife\data\dados_recife.csv
2026-05-14 00:01:10 - src.data_loader - INFO - Loaded 7 valid records
2026-05-14 00:01:10 - src.data_loader - INFO - Setting up DuckDB table...
2026-05-14 00:01:10 - src.data_loader - INFO - DuckDB table created with 7 rows
2026-05-14 00:01:18 - src.data_loader - INFO - DataLoader initialized with CSV path: C:\Users\davia\Desktop\Geo-Stream\GeoStream-Recife\data\dados_recife.csv
2026-05-14 00:01:18 - src.data_loader - INFO - CSV file already exists: C:\Users\davia\Desktop\Geo-Stream\GeoStream-Recife\data\dados_recife.csv
2026-05-14 00:01:18 - src.data_loader - INFO - Loading data from C:\Users\davia\Desktop\Geo-Stream\GeoStream-Recife\data\dados_recife.csv
2026-05-14 00:01:18 - src.data_loader - INFO - Loaded 7 valid records
2026-05-14 00:01:18 - src.data_loader - INFO - Setting up DuckDB table...
2026-05-14 00:01:18 - src.data_loader - INFO - DuckDB table created with 7 rows
2026-05-14 00:01:41 - src.data_loader - INFO - DataLoader initialized with CSV path: C:\Users\davia\Desktop\Geo-Stream\GeoStream-Recife\data\dados_recife.csv
2026-05-14 00:01:41 - src.data_loader - INFO - CSV file already exists: C:\Users\davia\Desktop\Geo-Stream\GeoStream-Recife\data\dados_recife.csv
2026-05-14 00:01:41 - src.data_loader - INFO - Loading data from C:\Users\davia\Desktop\Geo-Stream\GeoStream-Recife\data\dados_recife.csv
2026-05-14 00:01:41 - src.data_loader - INFO - Loaded 7 valid records
2026-05-14 00:01:41 - src.data_loader - INFO - Setting up DuckDB table...
2026-05-14 00:01:41 - src.data_loader - INFO - DuckDB table created with 7 rows
2026-05-14 00:01:43 - src.data_loader - INFO - DataLoader initialized with CSV path: C:\Users\davia\Desktop\Geo-Stream\GeoStream-Recife\data\dados_recife.csv
2026-05-14 00:01:43 - src.data_loader - INFO - CSV file already exists: C:\Users\davia\Desktop\Geo-Stream\GeoStream-Recife\data\dados_recife.csv
2026-05-14 00:01:43 - src.data_loader - INFO - Loading data from C:\Users\davia\Desktop\Geo-Stream\GeoStream-Recife\data\dados_recife.csv
2026-05-14 00:01:43 - src.data_loader - INFO - Loaded 7 valid records
2026-05-14 00:01:43 - src.data_loader - INFO - Setting up DuckDB table...
2026-05-14 00:01:43 - src.data_loader - INFO - DuckDB table created with 7 rows
2026-05-14 00:02:12 - src.data_loader - INFO - DataLoader initialized with CSV path: C:\Users\davia\Desktop\Geo-Stream\GeoStream-Recife\data\dados_recife.csv
2026-05-14 00:02:12 - src.data_loader - INFO - CSV file already exists: C:\Users\davia\Desktop\Geo-Stream\GeoStream-Recife\data\dados_recife.csv
2026-05-14 00:02:12 - src.data_loader - INFO - Loading data from C:\Users\davia\Desktop\Geo-Stream\GeoStream-Recife\data\dados_recife.csv
2026-05-14 00:02:12 - src.data_loader - INFO - Loaded 7 valid records
2026-05-14 00:02:12 - src.data_loader - INFO - Setting up DuckDB table...
2026-05-14 00:02:12 - src.data_loader - INFO - DuckDB table created with 7 rows
2026-05-14 00:02:14 - src.data_loader - INFO - DataLoader initialized with CSV path: C:\Users\davia\Desktop\Geo-Stream\GeoStream-Recife\data\dados_recife.csv
2026-05-14 00:02:14 - src.data_loader - INFO - CSV file already exists: C:\Users\davia\Desktop\Geo-Stream\GeoStream-Recife\data\dados_recife.csv
2026-05-14 00:02:14 - src.data_loader - INFO - Loading data from C:\Users\davia\Desktop\Geo-Stream\GeoStream-Recife\data\dados_recife.csv
2026-05-14 00:02:14 - src.data_loader - INFO - Loaded 7 valid records
2026-05-14 00:02:14 - src.data_loader - INFO - Setting up DuckDB table...
2026-05-14 00:02:14 - src.data_loader - INFO - DuckDB table created with 7 rows
2026-05-14 00:07:35 - src.data_loader - INFO - DataLoader initialized with CSV path: C:\Users\davia\Desktop\Geo-Stream\GeoStream-Recife\dados_recife.csv
2026-05-14 00:07:35 - src.data_loader - INFO - CSV file already exists: C:\Users\davia\Desktop\Geo-Stream\GeoStream-Recife\dados_recife.csv
2026-05-14 00:07:35 - src.data_loader - INFO - Loading data from C:\Users\davia\Desktop\Geo-Stream\GeoStream-Recife\dados_recife.csv
2026-05-14 00:07:35 - src.data_loader - INFO - Loaded 27 valid records
2026-05-14 00:07:35 - src.data_loader - INFO - Setting up DuckDB table...
2026-05-14 00:07:35 - src.data_loader - INFO - DuckDB table created with 27 rows
2026-05-14 00:07:38 - src.data_loader - INFO - DataLoader initialized with CSV path: C:\Users\davia\Desktop\Geo-Stream\GeoStream-Recife\dados_recife.csv
2026-05-14 00:07:38 - src.data_loader - INFO - CSV file already exists: C:\Users\davia\Desktop\Geo-Stream\GeoStream-Recife\dados_recife.csv
2026-05-14 00:07:38 - src.data_loader - INFO - Loading data from C:\Users\davia\Desktop\Geo-Stream\GeoStream-Recife\dados_recife.csv
2026-05-14 00:07:38 - src.data_loader - INFO - Loaded 27 valid records
2026-05-14 00:07:38 - src.data_loader - INFO - Setting up DuckDB table...
2026-05-14 00:07:38 - src.data_loader - INFO - DuckDB table created with 27 rows
2026-05-14 00:08:40 - src.data_loader - INFO - DataLoader initialized with CSV path: C:\Users\davia\Desktop\Geo-Stream\GeoStream-Recife\dados_recife.csv
2026-05-14 00:08:40 - src.data_loader - INFO - CSV file already exists: C:\Users\davia\Desktop\Geo-Stream\GeoStream-Recife\dados_recife.csv
2026-05-14 00:08:40 - src.data_loader - INFO - Loading data from C:\Users\davia\Desktop\Geo-Stream\GeoStream-Recife\dados_recife.csv
2026-05-14 00:08:40 - src.data_loader - INFO - Loaded 27 valid records
2026-05-14 00:08:40 - src.data_loader - INFO - Setting up DuckDB table...
2026-05-14 00:08:40 - src.data_loader - INFO - DuckDB table created with 27 rows
2026-05-14 00:08:48 - src.data_loader - INFO - DataLoader initialized with CSV path: C:\Users\davia\Desktop\Geo-Stream\GeoStream-Recife\dados_recife.csv
2026-05-14 00:08:48 - src.data_loader - INFO - CSV file already exists: C:\Users\davia\Desktop\Geo-Stream\GeoStream-Recife\dados_recife.csv
2026-05-14 00:08:48 - src.data_loader - INFO - Loading data from C:\Users\davia\Desktop\Geo-Stream\GeoStream-Recife\dados_recife.csv
2026-05-14 00:08:48 - src.data_loader - INFO - Loaded 27 valid records
2026-05-14 00:08:48 - src.data_loader - INFO - Setting up DuckDB table...
2026-05-14 00:08:48 - src.data_loader - INFO - DuckDB table created with 27 rows
2026-05-14 00:09:08 - src.data_loader - INFO - DataLoader initialized with CSV path: C:\Users\davia\Desktop\Geo-Stream\GeoStream-Recife\dados_recife.csv
2026-05-14 00:09:08 - src.data_loader - INFO - CSV file already exists: C:\Users\davia\Desktop\Geo-Stream\GeoStream-Recife\dados_recife.csv
2026-05-14 00:09:08 - src.data_loader - INFO - Loading data from C:\Users\davia\Desktop\Geo-Stream\GeoStream-Recife\dados_recife.csv
2026-05-14 00:09:08 - src.data_loader - INFO - Loaded 27 valid records
2026-05-14 00:09:08 - src.data_loader - INFO - Setting up DuckDB table...
2026-05-14 00:09:08 - src.data_loader - INFO - DuckDB table created with 27 rows
2026-05-14 00:12:56 - src.data_loader - INFO - DataLoader initialized with CSV path: C:\Users\davia\Desktop\Geo-Stream\GeoStream-Recife\dados_recife.csv
2026-05-14 00:12:56 - src.data_loader - INFO - CSV file already exists: C:\Users\davia\Desktop\Geo-Stream\GeoStream-Recife\dados_recife.csv
2026-05-14 00:12:56 - src.data_loader - INFO - Loading data from C:\Users\davia\Desktop\Geo-Stream\GeoStream-Recife\dados_recife.csv
2026-05-14 00:12:56 - src.data_loader - INFO - Loaded 27 valid records
2026-05-14 00:12:56 - src.data_loader - INFO - Setting up DuckDB table...
2026-05-14 00:12:56 - src.data_loader - INFO - DuckDB table created with 27 rows
2026-05-14 00:14:22 - src.data_loader - INFO - DataLoader initialized with CSV path: C:\Users\davia\Desktop\Geo-Stream\GeoStream-Recife\dados_recife.csv
2026-05-14 00:14:22 - src.data_loader - INFO - CSV file already exists: C:\Users\davia\Desktop\Geo-Stream\GeoStream-Recife\dados_recife.csv
2026-05-14 00:14:22 - src.data_loader - INFO - Loading data from C:\Users\davia\Desktop\Geo-Stream\GeoStream-Recife\dados_recife.csv
2026-05-14 00:14:22 - src.data_loader - INFO - Loaded 27 valid records
2026-05-14 00:14:22 - src.data_loader - INFO - Setting up DuckDB table...
2026-05-14 00:14:22 - src.data_loader - INFO - DuckDB table created with 27 rows
2026-05-14 00:16:14 - src.data_loader - INFO - DataLoader initialized with CSV path: C:\Users\davia\Desktop\Geo-Stream\GeoStream-Recife\dados_recife.csv
2026-05-14 00:16:14 - src.data_loader - INFO - CSV file already exists: C:\Users\davia\Desktop\Geo-Stream\GeoStream-Recife\dados_recife.csv
2026-05-14 00:16:14 - src.data_loader - INFO - Loading data from C:\Users\davia\Desktop\Geo-Stream\GeoStream-Recife\dados_recife.csv
2026-05-14 00:16:14 - src.data_loader - INFO - Loaded 27 valid records
2026-05-14 00:16:14 - src.data_loader - INFO - Setting up DuckDB table...
2026-05-14 00:16:14 - src.data_loader - INFO - DuckDB table created with 27 rows
2026-05-14 00:19:39 - src.data_loader - INFO - DataLoader initialized with CSV path: C:\Users\davia\Desktop\Geo-Stream\GeoStream-Recife\dados_recife.csv
2026-05-14 00:19:39 - src.data_loader - INFO - CSV file already exists: C:\Users\davia\Desktop\Geo-Stream\GeoStream-Recife\dados_recife.csv
2026-05-14 00:19:39 - src.data_loader - INFO - Loading data from C:\Users\davia\Desktop\Geo-Stream\GeoStream-Recife\dados_recife.csv
2026-05-14 00:19:39 - src.data_loader - INFO - Loaded 27 valid records
2026-05-14 00:19:39 - src.data_loader - INFO - Setting up DuckDB table...
2026-05-14 00:19:39 - src.data_loader - INFO - DuckDB table created with 27 rows
